\BOOKMARK [0][-]{chapter*.1}{\376\377\144\130\211\201}{}% 1
\BOOKMARK [0][-]{chapter*.2}{\376\377\000A\000B\000S\000T\000R\000A\000C\000T}{}% 2
\BOOKMARK [0][-]{chapter*.3}{\376\377\166\356\137\125}{}% 3
\BOOKMARK [0][-]{chapter.1}{\376\377\176\352\213\272\116\016\136\002\127\072\122\115\146\157\122\006\147\220}{}% 4
\BOOKMARK [1][-]{section.1.1}{\376\377\170\024\172\166\200\314\146\157\377\032\201\352\122\250\232\176\232\166\166\204\141\037\167\345\227\000\154\102}{chapter.1}% 5
\BOOKMARK [1][-]{section.1.2}{\376\377\121\150\164\003\116\016\116\055\126\375\201\352\122\250\232\176\232\166\117\040\141\037\126\150\136\002\127\072\211\304\152\041}{chapter.1}% 6
\BOOKMARK [1][-]{section.1.3}{\376\377\150\070\137\303\117\040\141\037\126\150\176\306\122\006\136\002\127\072\122\006\147\220}{chapter.1}% 7
\BOOKMARK [2][-]{subsection.1.3.1}{\376\377\157\300\121\111\226\367\217\276\136\002\127\072}{section.1.3}% 8
\BOOKMARK [2][-]{subsection.1.3.2}{\376\377\153\353\174\163\154\342\226\367\217\276\136\002\127\072}{section.1.3}% 9
\BOOKMARK [2][-]{subsection.1.3.3}{\376\377\217\146\217\175\144\104\120\317\131\064\136\002\127\072}{section.1.3}% 10
\BOOKMARK [1][-]{section.1.4}{\376\377\121\170\127\213\117\001\116\032\123\312\134\227\117\115\122\006\147\220}{chapter.1}% 11
\BOOKMARK [2][-]{subsection.1.4.1}{\376\377\121\166\127\337\122\033\145\260\377\010\000X\000G\000R\000I\000D\000S\377\011\040\024\040\024\000\040\0003\000D\157\300\121\111\226\367\217\276\116\016\172\172\225\364\145\160\133\127\123\026}{section.1.4}% 12
\BOOKMARK [2][-]{subsection.1.4.2}{\376\377\171\276\215\133\171\321\142\200\116\016\220\037\201\176\200\132\122\033}{section.1.4}% 13
\BOOKMARK [0][-]{chapter.2}{\376\377\211\306\211\311\144\104\120\317\147\072\117\040\141\037\126\150}{}% 14
\BOOKMARK [1][-]{section.2.1}{\376\377\135\345\117\134\123\237\164\006}{chapter.2}% 15
\BOOKMARK [2][-]{subsection.2.1.1}{\376\377\121\111\165\065\217\154\143\142\166\204\162\151\164\006\127\372\170\100}{section.2.1}% 16
\BOOKMARK [2][-]{subsection.2.1.2}{\376\377\000C\000M\000O\000S\147\011\156\220\120\317\175\040\176\323\147\204\377\010\0004\000T\000-\000A\000P\000S\377\011}{section.2.1}% 17
\BOOKMARK [1][-]{section.2.2}{\376\377\150\070\137\303\121\103\126\150\116\366}{chapter.2}% 18
\BOOKMARK [2][-]{subsection.2.2.1}{\376\377\166\370\121\163\123\314\221\307\150\067\377\010\000C\000D\000S\377\011\226\115\126\152\123\237\164\006}{section.2.2}% 19
\BOOKMARK [2][-]{subsection.2.2.2}{\376\377\122\027\176\247\000A\000D\000C\147\266\147\204}{section.2.2}% 20
\BOOKMARK [1][-]{section.2.3}{\376\377\217\146\217\175\144\104\120\317\131\064\166\204\122\006\174\173\116\016\136\224\165\050}{chapter.2}% 21
\BOOKMARK [1][-]{section.2.4}{\376\377\217\146\217\175\144\104\120\317\131\064\166\204\121\163\225\056\142\200\147\057\143\021\142\030}{chapter.2}% 22
\BOOKMARK [0][-]{chapter.3}{\376\377\153\353\174\163\154\342\226\367\217\276\117\040\141\037\126\150}{}% 23
\BOOKMARK [1][-]{section.3.1}{\376\377\135\345\117\134\123\237\164\006}{chapter.3}% 24
\BOOKMARK [2][-]{subsection.3.1.1}{\376\377\000F\000M\000C\000W\117\341\123\367\152\041\127\213}{section.3.1}% 25
\BOOKMARK [2][-]{subsection.3.1.2}{\376\377\155\367\230\221\116\016\116\055\230\221\117\341\123\367\131\004\164\006}{section.3.1}% 26
\BOOKMARK [2][-]{subsection.3.1.3}{\376\377\211\322\136\246\117\060\213\241\116\016\0004\000D\142\020\120\317\226\367\217\276}{section.3.1}% 27
\BOOKMARK [1][-]{section.3.2}{\376\377\150\070\137\303\121\103\126\150\116\366}{chapter.3}% 28
\BOOKMARK [2][-]{subsection.3.2.1}{\376\377\0007\0007\000G\000H\000z\000\040\000M\000M\000I\000C\145\066\123\321\202\257\162\107}{section.3.2}% 29
\BOOKMARK [2][-]{subsection.3.2.2}{\376\377\000C\000M\000O\000S\135\345\202\172\116\016\126\375\116\247\146\377\116\343}{section.3.2}% 30
\BOOKMARK [1][-]{section.3.3}{\376\377\153\353\174\163\154\342\226\367\217\276\166\204\140\047\200\375\117\030\122\277\116\016\134\100\226\120}{chapter.3}% 31
\BOOKMARK [0][-]{chapter.4}{\376\377\215\205\130\360\154\342\226\367\217\276\117\040\141\037\126\150}{}% 32
\BOOKMARK [1][-]{section.4.1}{\376\377\135\345\117\134\123\237\164\006}{chapter.4}% 33
\BOOKMARK [2][-]{subsection.4.1.1}{\376\377\123\213\165\065\143\142\200\375\126\150}{section.4.1}% 34
\BOOKMARK [2][-]{subsection.4.1.2}{\376\377\156\041\215\212\145\366\225\364\155\113\215\335\152\041\127\213}{section.4.1}% 35
\BOOKMARK [2][-]{subsection.4.1.3}{\376\377\156\051\136\246\210\145\120\177}{section.4.1}% 36
\BOOKMARK [1][-]{section.4.2}{\376\377\155\113\221\317\165\065\215\357\377\032\232\161\122\250\116\016\126\336\154\342\131\004\164\006}{chapter.4}% 37
\BOOKMARK [2][-]{subsection.4.2.1}{\376\377\123\321\134\004\232\161\122\250\165\065\215\357}{section.4.2}% 38
\BOOKMARK [2][-]{subsection.4.2.2}{\376\377\126\336\154\342\143\245\145\066\116\016\226\010\120\074\150\300\155\113}{section.4.2}% 39
\BOOKMARK [1][-]{section.4.3}{\376\377\136\224\165\050\127\072\146\157\116\016\140\047\200\375\217\271\165\114}{chapter.4}% 40
\BOOKMARK [0][-]{chapter.5}{\376\377\157\300\121\111\226\367\217\276\377\010\000L\000i\000D\000A\000R\377\011\117\040\141\037\126\150}{}% 41
\BOOKMARK [1][-]{section.5.1}{\376\377\135\345\117\134\123\237\164\006}{chapter.5}% 42
\BOOKMARK [2][-]{subsection.5.1.1}{\376\377\121\205\121\111\165\065\145\110\136\224\116\016\123\125\121\111\133\120\143\242\155\113}{section.5.1}% 43
\BOOKMARK [2][-]{subsection.5.1.2}{\376\377\230\336\210\114\145\366\225\364\154\325\377\010\000T\000o\000F\377\011\155\113\215\335\152\041\127\213}{section.5.1}% 44
\BOOKMARK [2][-]{subsection.5.1.3}{\376\377\214\003\230\221\217\336\176\355\154\342\377\010\000F\000M\000C\000W\377\011\157\300\121\111\226\367\217\276}{section.5.1}% 45
\BOOKMARK [1][-]{section.5.2}{\376\377\150\070\137\303\121\103\126\150\116\366}{chapter.5}% 46
\BOOKMARK [2][-]{subsection.5.2.1}{\376\377\123\321\134\004\172\357\377\032\116\316\000E\000E\000L\122\060\000V\000C\000S\000E\000L\122\060\131\032\176\323\000V\000C\000S\000E\000L}{section.5.2}% 47
\BOOKMARK [2][-]{subsection.5.2.2}{\376\377\143\245\145\066\172\357\377\032\116\316\000P\000I\000N\122\060\000A\000P\000D\122\060\000S\000P\000A\000D\000/\000S\000i\000P\000M}{section.5.2}% 48
\BOOKMARK [2][-]{subsection.5.2.3}{\376\377\126\372\140\001\142\153\143\317\126\150\116\366\377\032\000M\000E\000M\000S\116\016\000O\000P\000A}{section.5.2}% 49
\BOOKMARK [1][-]{section.5.3}{\376\377\232\330\174\276\136\246\137\256\137\061\117\341\123\367\155\113\221\317\165\065\215\357}{chapter.5}% 50
\BOOKMARK [2][-]{subsection.5.3.1}{\376\377\215\350\226\073\145\076\131\047\126\150\377\010\000T\000I\000A\377\011\040\024\040\024\121\111\165\065\117\341\123\367\166\204\122\115\172\357\214\003\164\006}{section.5.3}% 51
\BOOKMARK [2][-]{subsection.5.3.2}{\376\377\145\366\225\364\145\160\133\127\217\154\143\142\126\150\377\010\000T\000D\000C\377\011\040\024\040\024\166\256\171\322\176\247\145\366\225\364\225\364\226\224\155\113\221\317}{section.5.3}% 52
\BOOKMARK [2][-]{subsection.5.3.3}{\376\377\000S\000P\000A\000D\121\111\133\120\143\242\155\113\166\204\176\337\213\241\152\041\127\213}{section.5.3}% 53
\BOOKMARK [2][-]{subsection.5.3.4}{\376\377\155\354\160\155\116\016\131\015\117\115\165\065\215\357\377\010\000Q\000u\000e\000n\000c\000h\000i\000n\000g\000\040\000C\000i\000r\000c\000u\000i\000t\377\011}{section.5.3}% 54
\BOOKMARK [1][-]{section.5.4}{\376\377\146\227\165\065\155\101\116\016\126\152\130\360\122\006\147\220}{chapter.5}% 55
\BOOKMARK [1][-]{section.5.5}{\376\377\126\372\140\001\157\300\121\111\226\367\217\276\121\150\224\376\215\357\117\341\123\367\155\101\126\376}{chapter.5}% 56
\BOOKMARK [1][-]{section.5.6}{\376\377\000S\000I\000P\174\373\176\337\176\247\134\001\210\305\116\016\117\341\123\367\133\214\145\164\140\047}{chapter.5}% 57
\BOOKMARK [0][-]{chapter.6}{\376\377\140\357\140\047\155\113\221\317\123\125\121\103\377\010\000I\000M\000U\377\011\117\040\141\037\126\150}{}% 58
\BOOKMARK [1][-]{section.6.1}{\376\377\135\345\117\134\123\237\164\006}{chapter.6}% 59
\BOOKMARK [2][-]{subsection.6.1.1}{\376\377\000M\000E\000M\000S\122\240\220\037\136\246\213\241}{section.6.1}% 60
\BOOKMARK [2][-]{subsection.6.1.2}{\376\377\000M\000E\000M\000S\226\100\207\272\116\352}{section.6.1}% 61
\BOOKMARK [1][-]{section.6.2}{\376\377\000I\000M\000U\166\204\117\341\123\367\131\004\164\006\116\016\213\357\135\356\152\041\127\213}{chapter.6}% 62
\BOOKMARK [2][-]{subsection.6.2.1}{\376\377\143\167\200\124\140\357\133\374\211\343\173\227}{section.6.2}% 63
\BOOKMARK [2][-]{subsection.6.2.2}{\376\377\213\357\135\356\152\041\127\213\116\016\226\366\120\117\116\015\172\063\133\232\140\047}{section.6.2}% 64
\BOOKMARK [1][-]{section.6.3}{\376\377\000I\000M\000U\116\016\121\166\116\326\117\040\141\037\126\150\166\204\116\222\210\145\133\232\117\115}{chapter.6}% 65
\BOOKMARK [0][-]{chapter.7}{\376\377\131\032\117\040\141\037\126\150\207\215\124\010\116\016\155\361\136\246\133\146\116\140\136\224\165\050}{}% 66
\BOOKMARK [1][-]{section.7.1}{\376\377\131\032\117\040\141\037\126\150\207\215\124\010\166\204\137\305\211\201\140\047}{chapter.7}% 67
\BOOKMARK [1][-]{section.7.2}{\376\377\117\040\141\037\126\150\207\215\124\010\166\204\116\011\116\052\134\102\176\247}{chapter.7}% 68
\BOOKMARK [2][-]{subsection.7.2.1}{\376\377\145\160\143\156\176\247\207\215\124\010\377\010\000L\000o\000w\000-\000L\000e\000v\000e\000l\000\040\000/\000\040\000E\000a\000r\000l\000y\000\040\000F\000u\000s\000i\000o\000n\377\011}{section.7.2}% 69
\BOOKMARK [2][-]{subsection.7.2.2}{\376\377\162\171\137\201\176\247\207\215\124\010\377\010\000M\000i\000d\000-\000L\000e\000v\000e\000l\000\040\000/\000\040\000F\000e\000a\000t\000u\000r\000e\000\040\000F\000u\000s\000i\000o\000n\377\011}{section.7.2}% 70
\BOOKMARK [2][-]{subsection.7.2.3}{\376\377\121\263\173\126\176\247\207\215\124\010\377\010\000H\000i\000g\000h\000-\000L\000e\000v\000e\000l\000\040\000/\000\040\000L\000a\000t\000e\000\040\000F\000u\000s\000i\000o\000n\377\011}{section.7.2}% 71
\BOOKMARK [1][-]{section.7.3}{\376\377\127\372\116\216\155\361\136\246\133\146\116\140\166\204\000B\000E\000V\141\037\167\345\147\266\147\204}{chapter.7}% 72
\BOOKMARK [1][-]{section.7.4}{\376\377\155\361\136\246\133\146\116\140\160\271\116\221\166\356\150\007\150\300\155\113\377\032\000P\000o\000i\000n\000t\000P\000i\000l\000l\000a\000r\000s}{chapter.7}% 73
\BOOKMARK [1][-]{section.7.5}{\376\377\227\142\124\021\217\146\217\175\217\271\177\030\213\241\173\227\166\204\152\041\127\213\117\030\123\026\116\016\220\350\177\162}{chapter.7}% 74
\BOOKMARK [0][-]{chapter.8}{\376\377\136\002\127\072\122\115\146\157\116\016\200\114\116\032\211\304\122\022}{}% 75
\BOOKMARK [1][-]{section.8.1}{\376\377\117\040\141\037\126\150\116\247\116\032\166\204\121\163\225\056\123\321\134\125\215\213\122\277}{chapter.8}% 76
\BOOKMARK [2][-]{subsection.8.1.1}{\376\377\142\200\147\057\215\213\122\277}{section.8.1}% 77
\BOOKMARK [2][-]{subsection.8.1.2}{\376\377\142\020\147\054\116\013\226\115\146\362\176\277}{section.8.1}% 78
\BOOKMARK [1][-]{section.8.2}{\376\377\121\170\127\213\134\227\117\115\116\016\142\200\200\375\227\000\154\102}{chapter.8}% 79
\BOOKMARK [1][-]{section.8.3}{\376\377\205\252\215\104\154\064\136\163\116\016\123\321\134\125\122\115\146\157}{chapter.8}% 80
\BOOKMARK [0][-]{chapter.9}{\376\377\176\323\213\272\116\016\134\125\147\033}{}% 81
\BOOKMARK [0][-]{chapter*.5}{\376\377\123\302\200\003\145\207\163\056}{}% 82
\BOOKMARK [0][-]{chapter*.7}{\376\377\201\364\214\042}{}% 83
